Microchip MPLAB XC8 PIC(R) Assembler V2.40

Linker command line:

-W-3 \
  --edf=C:\Program Files\Microchip\xc8\v2.40\pic\dat\20220703182018_en.msgs \
  -cs -h+dist/default/production\LB1.X.production.sym \
  --cmf=dist/default/production\LB1.X.production.cmf -z -Q18F57Q43 \
  -oC:\Users\vazqu\AppData\Local\Temp\xcAsnjs.4 --fixupoverflow=error \
  -ver=XC8 PIC(R) Assembler --fixupoverflow=lstwarn \
  -Mdist/default/production/LB1.X.production.map -E1 --acfsm=1493 \
  -ACODE=00h-01FFFFh -ACONST=00h-01FFFFh -ASMALLCONST=02600h-026FFhx474 \
  -AMEDIUMCONST=02600h-0FFFFh,012600h-01FFFFh -ACOMRAM=0500h-055Fh \
  -AABS1=0500h-024FFh -ABIGRAM=0500h-024FFh \
  -ARAM=0560h-05FFh,0600h-06FFhx31 -ABANK5=0560h-05FFh -ABANK6=0600h-06FFh \
  -ABANK7=0700h-07FFh -ABANK8=0800h-08FFh -ABANK9=0900h-09FFh \
  -ABANK10=0A00h-0AFFh -ABANK11=0B00h-0BFFh -ABANK12=0C00h-0CFFh \
  -ABANK13=0D00h-0DFFh -ABANK14=0E00h-0EFFh -ABANK15=0F00h-0FFFh \
  -ABANK16=01000h-010FFh -ABANK17=01100h-011FFh -ABANK18=01200h-012FFh \
  -ABANK19=01300h-013FFh -ABANK20=01400h-014FFh -ABANK21=01500h-015FFh \
  -ABANK22=01600h-016FFh -ABANK23=01700h-017FFh -ABANK24=01800h-018FFh \
  -ABANK25=01900h-019FFh -ABANK26=01A00h-01AFFh -ABANK27=01B00h-01BFFh \
  -ABANK28=01C00h-01CFFh -ABANK29=01D00h-01DFFh -ABANK30=01E00h-01EFFh \
  -ABANK31=01F00h-01FFFh -ABANK32=02000h-020FFh -ABANK33=02100h-021FFh \
  -ABANK34=02200h-022FFh -ABANK35=02300h-023FFh -ABANK36=02400h-024FFh \
  -ASFR=00h-0FFhx4,0400h-045Fh,0460h-04FFh,02500h-025FFh \
  -ABIGSFR=00h-04FFh,02500h-025FFh -ACONFIG=0300000h-0300011h \
  -AIDLOC=0200000h-020003Fh -AEEDATA=0380000h-03803FFh \
  build/default/production/main.o 

Object code version is 3.11

Machine type is 18F57Q43



                Name                               Link     Load   Length Selector   Space Scale
build/default/production/main.o
                absdata                            1000     1000        4        0       0
                code                               1004     1004       12      802       0

TOTAL           Name                               Link     Load   Length     Space
        CLASS   CODE           
                code                               1004     1004       12         0

        CLASS   CONST          

        CLASS   SMALLCONST     

        CLASS   MEDIUMCONST    

        CLASS   COMRAM         

        CLASS   ABS1           

        CLASS   BIGRAM         

        CLASS   RAM            

        CLASS   BANK5          

        CLASS   BANK6          

        CLASS   BANK7          

        CLASS   BANK8          

        CLASS   BANK9          

        CLASS   BANK10         

        CLASS   BANK11         

        CLASS   BANK12         

        CLASS   BANK13         

        CLASS   BANK14         

        CLASS   BANK15         

        CLASS   BANK16         

        CLASS   BANK17         

        CLASS   BANK18         

        CLASS   BANK19         

        CLASS   BANK20         

        CLASS   BANK21         

        CLASS   BANK22         

        CLASS   BANK23         

        CLASS   BANK24         

        CLASS   BANK25         

        CLASS   BANK26         

        CLASS   BANK27         

        CLASS   BANK28         

        CLASS   BANK29         

        CLASS   BANK30         

        CLASS   BANK31         

        CLASS   BANK32         

        CLASS   BANK33         

        CLASS   BANK34         

        CLASS   BANK35         

        CLASS   BANK36         

        CLASS   SFR            

        CLASS   BIGSFR         

        CLASS   CONFIG         

        CLASS   IDLOC          

        CLASS   EEDATA         

        CLASS   UNCLASSED
                absdata                            1000     1000        4         0


SEGMENTS        Name                           Load    Length   Top    Selector   Space  Class

                code                           001004  000012  001016       802       0  CODE    


UNUSED ADDRESS RANGES

        Name                Unused          Largest block    Delta
        BANK10           0A00-0AFF            100
        BANK11           0B00-0BFF            100
        BANK12           0C00-0CFF            100
        BANK13           0D00-0DFF            100
        BANK14           0E00-0EFF            100
        BANK15           0F00-0FFF            100
        BANK16           1000-10FF            100
        BANK17           1100-11FF            100
        BANK18           1200-12FF            100
        BANK19           1300-13FF            100
        BANK20           1400-14FF            100
        BANK21           1500-15FF            100
        BANK22           1600-16FF            100
        BANK23           1700-17FF            100
        BANK24           1800-18FF            100
        BANK25           1900-19FF            100
        BANK26           1A00-1AFF            100
        BANK27           1B00-1BFF            100
        BANK28           1C00-1CFF            100
        BANK29           1D00-1DFF            100
        BANK30           1E00-1EFF            100
        BANK31           1F00-1FFF            100
        BANK32           2000-20FF            100
        BANK33           2100-21FF            100
        BANK34           2200-22FF            100
        BANK35           2300-23FF            100
        BANK36           2400-24FF            100
        BANK5            0560-05FF             A0
        BANK6            0600-06FF            100
        BANK7            0700-07FF            100
        BANK8            0800-08FF            100
        BANK9            0900-09FF            100
        BIGRAM           0500-0FFF            B00
                         1016-24FF           14EA
        BIGSFR           0000-04FF            500
                         2500-25FF            100
        CODE             0000-0FFF           1000
                         1016-1FFFF          1EFEA
        COMRAM           0500-055F             60
        CONFIG           300000-300011             12
        CONST            0000-0FFF           1000
                         1016-1FFFF          1EFEA
        EEDATA           380000-3803FF            400
        IDLOC            200000-20003F             40
        MEDIUMCONST      2600-FFFF           DA00
                         12600-1FFFF           DA00
        RAM              0560-24FF            100
        SFR              0000-04FF            100
                         2500-25FF            100
        SMALLCONST       2600-1FFFF            100

                                  Symbol Table

__Habsdata      absdata      1004  __Hcode         code         0000
__Hdata         data         0000  __Hedata        edata        0000
__HresetVec     resetVec     0000  __Hspace_0      (abs)        2004
__Hspace_1      (abs)        0000  __Hspace_3      (abs)        0000
__Hudata        udata        0000  __Hudata_acs    udata_acs    0000
__Hudata_bank10 udata_bank10 0000  __Hudata_bank11 udata_bank11 0000
__Hudata_bank12 udata_bank12 0000  __Hudata_bank13 udata_bank13 0000
__Hudata_bank14 udata_bank14 0000  __Hudata_bank15 udata_bank15 0000
__Hudata_bank16 udata_bank16 0000  __Hudata_bank17 udata_bank17 0000
__Hudata_bank18 udata_bank18 0000  __Hudata_bank19 udata_bank19 0000
__Hudata_bank20 udata_bank20 0000  __Hudata_bank21 udata_bank21 0000
__Hudata_bank22 udata_bank22 0000  __Hudata_bank23 udata_bank23 0000
__Hudata_bank24 udata_bank24 0000  __Hudata_bank25 udata_bank25 0000
__Hudata_bank26 udata_bank26 0000  __Hudata_bank27 udata_bank27 0000
__Hudata_bank28 udata_bank28 0000  __Hudata_bank29 udata_bank29 0000
__Hudata_bank30 udata_bank30 0000  __Hudata_bank31 udata_bank31 0000
__Hudata_bank32 udata_bank32 0000  __Hudata_bank33 udata_bank33 0000
__Hudata_bank34 udata_bank34 0000  __Hudata_bank35 udata_bank35 0000
__Hudata_bank36 udata_bank36 0000  __Hudata_bank5  udata_bank5  0000
__Hudata_bank6  udata_bank6  0000  __Hudata_bank7  udata_bank7  0000
__Hudata_bank8  udata_bank8  0000  __Hudata_bank9  udata_bank9  0000
__Labsdata      absdata      0000  __Lcode         code         0000
__Ldata         data         0000  __Ledata        edata        0000
__LresetVec     resetVec     0000  __Lspace_0      (abs)        0000
__Lspace_1      (abs)        0000  __Lspace_3      (abs)        0000
__Ludata        udata        0000  __Ludata_acs    udata_acs    0000
__Ludata_bank10 udata_bank10 0000  __Ludata_bank11 udata_bank11 0000
__Ludata_bank12 udata_bank12 0000  __Ludata_bank13 udata_bank13 0000
__Ludata_bank14 udata_bank14 0000  __Ludata_bank15 udata_bank15 0000
__Ludata_bank16 udata_bank16 0000  __Ludata_bank17 udata_bank17 0000
__Ludata_bank18 udata_bank18 0000  __Ludata_bank19 udata_bank19 0000
__Ludata_bank20 udata_bank20 0000  __Ludata_bank21 udata_bank21 0000
__Ludata_bank22 udata_bank22 0000  __Ludata_bank23 udata_bank23 0000
__Ludata_bank24 udata_bank24 0000  __Ludata_bank25 udata_bank25 0000
__Ludata_bank26 udata_bank26 0000  __Ludata_bank27 udata_bank27 0000
__Ludata_bank28 udata_bank28 0000  __Ludata_bank29 udata_bank29 0000
__Ludata_bank30 udata_bank30 0000  __Ludata_bank31 udata_bank31 0000
__Ludata_bank32 udata_bank32 0000  __Ludata_bank33 udata_bank33 0000
__Ludata_bank34 udata_bank34 0000  __Ludata_bank35 udata_bank35 0000
__Ludata_bank36 udata_bank36 0000  __Ludata_bank5  udata_bank5  0000
__Ludata_bank6  udata_bank6  0000  __Ludata_bank7  udata_bank7  0000
__Ludata_bank8  udata_bank8  0000  __Ludata_bank9  udata_bank9  0000
__S0            (abs)        1016  __S1            (abs)        0000
__S3            (abs)        0000  isa$std         (abs)        0001
isa$xinst       (abs)        0000  
